
> mwiri-league-app@0.1.0 build
> next build

   Γû▓ Next.js 16.0.7 (Turbopack)

   Creating an optimized production build ...
 Γ£ô Compiled successfully in 3.9s
   Running TypeScript ...
node.exe : Failed to 
compile.
At line:1 char:1
+ & "C:\Program Files
\nodejs/node.exe" 
"C:\Program 
Files\nodejs/node_mo 
...
+ ~~~~~~~~~~~~~~~~~~~
~~~~~~~~~~~~~~~~~~~~~
~~~~~~~~~~~~~~~~~~~~~
~~~~~~~~
    + CategoryInfo   
           : NotSpe  
  cified: (Failed    
 to compile.:Stri    
ng) [], RemoteEx    
ception
    + FullyQualified 
   ErrorId : Native  
  CommandError
 

./app/page.tsx:45:49
Type error: Argument 
of type 'string | 
undefined' is not 
assignable to 
parameter of type 
'string'.
  Type 'undefined' 
is not assignable to 
type 'string'.

[0m [90m 43 |[39m 
  [90m// Get top 
scorer[39m
 [90m 44 |[39m   
[36mconst[39m 
topScorer 
[33m=[39m [[33m...
[39mplayers][33m.[
39msort((a[33m,[39m
 b) [33m=>[39m 
(b[33m.[39mgoals [
33m?[39m[33m?[39m 
[35m0[39m) 
[33m-[39m 
(a[33m.[39mgoals [
33m?[39m[33m?[39m 
[35m0[39m))[[35m0
[39m][33m;[39m
[31m[1m>[22m[39m
[90m 45 |[39m   
[36mconst[39m 
topScorerTeam 
[33m=[39m 
topScorer 
[33m?[39m teamMap[
33m.[39m[36mget[39
m(topScorer[33m.[39
mteamName) 
[33m:[39m [36mnull
[39m[33m;[39m
 [90m    |[39m     
                     
                     
  
[31m[1m^[22m[39m
 [90m 46 |[39m
 [90m 47 |[39m   
[90m// Get next 
fixture and latest 
results[39m
 [90m 48 |[39m   
[36mconst[39m 
nextFixture 
[33m=[39m getNextFi
xture()[33m;[39m[0
m
Next.js build worker 
exited with code: 1 
and signal: null
